C:\Users\mirae\MVA_Versicherung_Langchain_main\backend_api.py:31: PydanticDeprecatedSince20: Support for class-based `config` is deprecated, use ConfigDict instead. Deprecated in Pydantic V2.0 to be removed in V3.0. See Pydantic V2 Migration Guide at https://errors.pydantic.dev/2.12/migration/
  class SourceResponse(BaseModel):
C:\Users\mirae\MVA_Versicherung_Langchain_main\backend_api.py:51: PydanticDeprecatedSince20: Support for class-based `config` is deprecated, use ConfigDict instead. Deprecated in Pydantic V2.0 to be removed in V3.0. See Pydantic V2 Migration Guide at https://errors.pydantic.dev/2.12/migration/
  class AskResponse(BaseModel):
INFO:     Will watch for changes in these directories: ['C:\\Users\\mirae\\MVA_Versicherung_Langchain_main']
INFO:     Uvicorn running on http://0.0.0.0:8000 (Press CTRL+C to quit)
INFO:     Started reloader process [3544] using WatchFiles
WARNING:  WatchFiles detected changes in 'backend_api.py'. Reloading...
Traceback (most recent call last):
  File "<string>", line 1, in <module>
  File "C:\Python312\Lib\multiprocessing\spawn.py", line 122, in spawn_main
    exitcode = _main(fd, parent_sentinel)
               ^^^^^^^^^^^^^^^^^^^^^^^^^^
  File "C:\Python312\Lib\multiprocessing\spawn.py", line 131, in _main
    prepare(preparation_data)
  File "C:\Python312\Lib\multiprocessing\spawn.py", line 246, in prepare
    _fixup_main_from_path(data['init_main_from_path'])
  File "C:\Python312\Lib\multiprocessing\spawn.py", line 297, in _fixup_main_from_path
    main_content = runpy.run_path(main_path,
                   ^^^^^^^^^^^^^^^^^^^^^^^^^
  File "<frozen runpy>", line 286, in run_path
  File "<frozen runpy>", line 98, in _run_module_code
  File "<frozen runpy>", line 88, in _run_code
  File "C:\Users\mirae\MVA_Versicherung_Langchain_main\backend_api.py", line 21, in <module>
    with open(_DEBUG_LOG_PATH, "a", encoding="utf-8") as f:
^^^^^^^^^^^^^^^^^^^^^^^^^^^^^^^^^^^^^^^^^^^^^^^^^^^^^
  File "C:\Users\mirae\MVA_Versicherung_Langchain_main\src\api\rag_service.py", line 34, in <module>
    We intentionally key hashes by a normalized absolute path to avoid Windows
^^^^^^^^^^^^^^^^^^^^^^^^^^^^^^^^^^^^^^^^^^^^^^^^^^^^^^^^^^^^
  File "<frozen importlib._bootstrap>", line 1412, in _handle_fromlist
  File "C:\Users\mirae\MVA_Versicherung_Langchain_main\.venv\Lib\site-packages\langchain_community\document_loaders\__init__.py", line 740, in __getattr__
    module = importlib.import_module(_module_lookup[name])
             ^^^^^^^^^^^^^^^^^^^^^^^^^^^^^^^^^^^^^^^^^^^^^
  File "C:\Python312\Lib\importlib\__init__.py", line 90, in import_module
    return _bootstrap._gcd_import(name[level:], package, level)
           ^^^^^^^^^^^^^^^^^^^^^^^^^^^^^^^^^^^^^^^^^^^^^^^^^^^^
  File "C:\Users\mirae\MVA_Versicherung_Langchain_main\.venv\Lib\site-packages\langchain_community\document_loaders\pdf.py", line 28, in <module>
    from langchain_community.document_loaders.base import BaseLoader
  File "C:\Users\mirae\MVA_Versicherung_Langchain_main\.venv\Lib\site-packages\langchain_community\document_loaders\base.py", line 1, in <module>
    from langchain_core.document_loaders import BaseBlobParser, BaseLoader
  File "<frozen importlib._bootstrap>", line 1412, in _handle_fromlist
  File "C:\Users\mirae\MVA_Versicherung_Langchain_main\.venv\Lib\site-packages\langchain_core\document_loaders\__init__.py", line 33, in __getattr__
    result = import_attr(attr_name, module_name, __spec__.parent)
             ^^^^^^^^^^^^^^^^^^^^^^^^^^^^^^^^^^^^^^^^^^^^^^^^^^^^
  File "C:\Users\mirae\MVA_Versicherung_Langchain_main\.venv\Lib\site-packages\langchain_core\_import_utils.py", line 35, in import_attr
    module = import_module(f".{module_name}", package=package)
             ^^^^^^^^^^^^^^^^^^^^^^^^^^^^^^^^^^^^^^^^^^^^^^^^^
  File "C:\Python312\Lib\importlib\__init__.py", line 90, in import_module
    return _bootstrap._gcd_import(name[level:], package, level)
           ^^^^^^^^^^^^^^^^^^^^^^^^^^^^^^^^^^^^^^^^^^^^^^^^^^^^
  File "C:\Users\mirae\MVA_Versicherung_Langchain_main\.venv\Lib\site-packages\langchain_core\document_loaders\base.py", line 19, in <module>
    from langchain_text_splitters import RecursiveCharacterTextSplitter
  File "C:\Users\mirae\MVA_Versicherung_Langchain_main\.venv\Lib\site-packages\langchain_text_splitters\__init__.py", line 8, in <module>
    from langchain_text_splitters.base import (
  File "C:\Users\mirae\MVA_Versicherung_Langchain_main\.venv\Lib\site-packages\langchain_text_splitters\base.py", line 33, in <module>
    from transformers.tokenization_utils_base import PreTrainedTokenizerBase
  File "C:\Users\mirae\MVA_Versicherung_Langchain_main\.venv\Lib\site-packages\transformers\__init__.py", line 27, in <module>
    from . import dependency_versions_check
  File "C:\Users\mirae\MVA_Versicherung_Langchain_main\.venv\Lib\site-packages\transformers\dependency_versions_check.py", line 16, in <module>
    from .utils.versions import require_version, require_version_core
  File "C:\Users\mirae\MVA_Versicherung_Langchain_main\.venv\Lib\site-packages\transformers\utils\__init__.py", line 24, in <module>
    from .auto_docstring import (
  File "C:\Users\mirae\MVA_Versicherung_Langchain_main\.venv\Lib\site-packages\transformers\utils\auto_docstring.py", line 30, in <module>
    from .generic import ModelOutput
  File "C:\Users\mirae\MVA_Versicherung_Langchain_main\.venv\Lib\site-packages\transformers\utils\generic.py", line 51, in <module>
    import torch
  File "C:\Users\mirae\MVA_Versicherung_Langchain_main\.venv\Lib\site-packages\torch\__init__.py", line 281, in <module>
    _load_dll_libraries()
  File "C:\Users\mirae\MVA_Versicherung_Langchain_main\.venv\Lib\site-packages\torch\__init__.py", line 240, in _load_dll_libraries
    if platform.machine() != "ARM64":
       ^^^^^^^^^^^^^^^^^^
  File "C:\Python312\Lib\platform.py", line 1022, in machine
    return uname().machine
           ^^^^^^^
  File "C:\Python312\Lib\platform.py", line 920, in uname
    release, version, csd, ptype = win32_ver()
                                   ^^^^^^^^^^^
  File "C:\Python312\Lib\platform.py", line 448, in win32_ver
    version, csd, ptype, is_client = _win32_ver(version, csd, ptype)
                                     ^^^^^^^^^^^^^^^^^^^^^^^^^^^^^^^
  File "C:\Python312\Lib\platform.py", line 409, in _win32_ver
    winver = getwindowsversion()
             ^^^^^^^^^^^^^^^^^^^
KeyboardInterrupt
WARNING:  WatchFiles detected changes in 'backend_api.py', 'src\api\rag_service.py'. Reloading...
Traceback (most recent call last):
  File "<string>", line 1, in <module>
  File "C:\Python312\Lib\multiprocessing\spawn.py", line 122, in spawn_main
    exitcode = _main(fd, parent_sentinel)
               ^^^^^^^^^^^^^^^^^^^^^^^^^^
  File "C:\Python312\Lib\multiprocessing\spawn.py", line 131, in _main
    prepare(preparation_data)
  File "C:\Python312\Lib\multiprocessing\spawn.py", line 246, in prepare
    _fixup_main_from_path(data['init_main_from_path'])
  File "C:\Python312\Lib\multiprocessing\spawn.py", line 297, in _fixup_main_from_path
    main_content = runpy.run_path(main_path,
                   ^^^^^^^^^^^^^^^^^^^^^^^^^
  File "<frozen runpy>", line 286, in run_path
  File "<frozen runpy>", line 98, in _run_module_code
  File "<frozen runpy>", line 88, in _run_code
  File "C:\Users\mirae\MVA_Versicherung_Langchain_main\backend_api.py", line 46, in <module>
    from api.rag_service import run_rag, Source, AnswerResult
  File "C:\Users\mirae\MVA_Versicherung_Langchain_main\src\api\rag_service.py", line 54, in <module>
    from langchain_community.document_loaders import PyPDFLoader
  File "<frozen importlib._bootstrap>", line 1412, in _handle_fromlist
  File "C:\Users\mirae\MVA_Versicherung_Langchain_main\.venv\Lib\site-packages\langchain_community\document_loaders\__init__.py", line 740, in __getattr__
    module = importlib.import_module(_module_lookup[name])
             ^^^^^^^^^^^^^^^^^^^^^^^^^^^^^^^^^^^^^^^^^^^^^
  File "C:\Python312\Lib\importlib\__init__.py", line 90, in import_module
    return _bootstrap._gcd_import(name[level:], package, level)
           ^^^^^^^^^^^^^^^^^^^^^^^^^^^^^^^^^^^^^^^^^^^^^^^^^^^^
  File "C:\Users\mirae\MVA_Versicherung_Langchain_main\.venv\Lib\site-packages\langchain_community\document_loaders\pdf.py", line 28, in <module>
    from langchain_community.document_loaders.base import BaseLoader
  File "C:\Users\mirae\MVA_Versicherung_Langchain_main\.venv\Lib\site-packages\langchain_community\document_loaders\base.py", line 1, in <module>
    from langchain_core.document_loaders import BaseBlobParser, BaseLoader
  File "<frozen importlib._bootstrap>", line 1412, in _handle_fromlist
  File "C:\Users\mirae\MVA_Versicherung_Langchain_main\.venv\Lib\site-packages\langchain_core\document_loaders\__init__.py", line 33, in __getattr__
    result = import_attr(attr_name, module_name, __spec__.parent)
             ^^^^^^^^^^^^^^^^^^^^^^^^^^^^^^^^^^^^^^^^^^^^^^^^^^^^
  File "C:\Users\mirae\MVA_Versicherung_Langchain_main\.venv\Lib\site-packages\langchain_core\_import_utils.py", line 35, in import_attr
    module = import_module(f".{module_name}", package=package)
             ^^^^^^^^^^^^^^^^^^^^^^^^^^^^^^^^^^^^^^^^^^^^^^^^^
  File "C:\Python312\Lib\importlib\__init__.py", line 90, in import_module
    return _bootstrap._gcd_import(name[level:], package, level)
           ^^^^^^^^^^^^^^^^^^^^^^^^^^^^^^^^^^^^^^^^^^^^^^^^^^^^
  File "C:\Users\mirae\MVA_Versicherung_Langchain_main\.venv\Lib\site-packages\langchain_core\document_loaders\base.py", line 19, in <module>
    from langchain_text_splitters import RecursiveCharacterTextSplitter
  File "C:\Users\mirae\MVA_Versicherung_Langchain_main\.venv\Lib\site-packages\langchain_text_splitters\__init__.py", line 8, in <module>
    from langchain_text_splitters.base import (
  File "C:\Users\mirae\MVA_Versicherung_Langchain_main\.venv\Lib\site-packages\langchain_text_splitters\base.py", line 33, in <module>
    from transformers.tokenization_utils_base import PreTrainedTokenizerBase
  File "C:\Users\mirae\MVA_Versicherung_Langchain_main\.venv\Lib\site-packages\transformers\__init__.py", line 27, in <module>
    from . import dependency_versions_check
  File "C:\Users\mirae\MVA_Versicherung_Langchain_main\.venv\Lib\site-packages\transformers\dependency_versions_check.py", line 16, in <module>
    from .utils.versions import require_version, require_version_core
  File "C:\Users\mirae\MVA_Versicherung_Langchain_main\.venv\Lib\site-packages\transformers\utils\__init__.py", line 24, in <module>
    from .auto_docstring import (
  File "C:\Users\mirae\MVA_Versicherung_Langchain_main\.venv\Lib\site-packages\transformers\utils\auto_docstring.py", line 30, in <module>
    from .generic import ModelOutput
  File "C:\Users\mirae\MVA_Versicherung_Langchain_main\.venv\Lib\site-packages\transformers\utils\generic.py", line 31, in <module>
    import numpy as np
  File "C:\Users\mirae\MVA_Versicherung_Langchain_main\.venv\Lib\site-packages\numpy\__init__.py", line 125, in <module>
    from numpy.__config__ import show_config
  File "C:\Users\mirae\MVA_Versicherung_Langchain_main\.venv\Lib\site-packages\numpy\__config__.py", line 4, in <module>
    from numpy._core._multiarray_umath import (
  File "C:\Users\mirae\MVA_Versicherung_Langchain_main\.venv\Lib\site-packages\numpy\_core\__init__.py", line 22, in <module>
    from . import multiarray
  File "C:\Users\mirae\MVA_Versicherung_Langchain_main\.venv\Lib\site-packages\numpy\_core\multiarray.py", line 11, in <module>
    from . import _multiarray_umath, overrides
  File "C:\Users\mirae\MVA_Versicherung_Langchain_main\.venv\Lib\site-packages\numpy\exceptions.py", line 87, in <module>
    class RankWarning(RuntimeWarning):
KeyboardInterrupt
WARNING:  WatchFiles detected changes in 'backend_api.py', 'src\api\rag_service.py'. Reloading...
Traceback (most recent call last):
  File "<string>", line 1, in <module>
  File "C:\Python312\Lib\multiprocessing\spawn.py", line 122, in spawn_main
    exitcode = _main(fd, parent_sentinel)
               ^^^^^^^^^^^^^^^^^^^^^^^^^^
  File "C:\Python312\Lib\multiprocessing\spawn.py", line 131, in _main
    prepare(preparation_data)
  File "C:\Python312\Lib\multiprocessing\spawn.py", line 246, in prepare
    _fixup_main_from_path(data['init_main_from_path'])
  File "C:\Python312\Lib\multiprocessing\spawn.py", line 297, in _fixup_main_from_path
    main_content = runpy.run_path(main_path,
                   ^^^^^^^^^^^^^^^^^^^^^^^^^
  File "<frozen runpy>", line 286, in run_path
  File "<frozen runpy>", line 98, in _run_module_code
  File "<frozen runpy>", line 88, in _run_code
  File "C:\Users\mirae\MVA_Versicherung_Langchain_main\backend_api.py", line 46, in <module>
    from api.rag_service import run_rag, Source, AnswerResult
  File "C:\Users\mirae\MVA_Versicherung_Langchain_main\src\api\rag_service.py", line 54, in <module>
    from langchain_community.document_loaders import PyPDFLoader
  File "<frozen importlib._bootstrap>", line 1412, in _handle_fromlist
  File "C:\Users\mirae\MVA_Versicherung_Langchain_main\.venv\Lib\site-packages\langchain_community\document_loaders\__init__.py", line 740, in __getattr__
    module = importlib.import_module(_module_lookup[name])
             ^^^^^^^^^^^^^^^^^^^^^^^^^^^^^^^^^^^^^^^^^^^^^
  File "C:\Python312\Lib\importlib\__init__.py", line 90, in import_module
    return _bootstrap._gcd_import(name[level:], package, level)
           ^^^^^^^^^^^^^^^^^^^^^^^^^^^^^^^^^^^^^^^^^^^^^^^^^^^^
  File "C:\Users\mirae\MVA_Versicherung_Langchain_main\.venv\Lib\site-packages\langchain_community\document_loaders\pdf.py", line 28, in <module>
    from langchain_community.document_loaders.base import BaseLoader
  File "C:\Users\mirae\MVA_Versicherung_Langchain_main\.venv\Lib\site-packages\langchain_community\document_loaders\base.py", line 1, in <module>
    from langchain_core.document_loaders import BaseBlobParser, BaseLoader
  File "<frozen importlib._bootstrap>", line 1412, in _handle_fromlist
  File "C:\Users\mirae\MVA_Versicherung_Langchain_main\.venv\Lib\site-packages\langchain_core\document_loaders\__init__.py", line 33, in __getattr__
    result = import_attr(attr_name, module_name, __spec__.parent)
             ^^^^^^^^^^^^^^^^^^^^^^^^^^^^^^^^^^^^^^^^^^^^^^^^^^^^
  File "C:\Users\mirae\MVA_Versicherung_Langchain_main\.venv\Lib\site-packages\langchain_core\_import_utils.py", line 35, in import_attr
    module = import_module(f".{module_name}", package=package)
             ^^^^^^^^^^^^^^^^^^^^^^^^^^^^^^^^^^^^^^^^^^^^^^^^^
  File "C:\Python312\Lib\importlib\__init__.py", line 90, in import_module
    return _bootstrap._gcd_import(name[level:], package, level)
           ^^^^^^^^^^^^^^^^^^^^^^^^^^^^^^^^^^^^^^^^^^^^^^^^^^^^
  File "C:\Users\mirae\MVA_Versicherung_Langchain_main\.venv\Lib\site-packages\langchain_core\document_loaders\base.py", line 19, in <module>
    from langchain_text_splitters import RecursiveCharacterTextSplitter
  File "C:\Users\mirae\MVA_Versicherung_Langchain_main\.venv\Lib\site-packages\langchain_text_splitters\__init__.py", line 8, in <module>
    from langchain_text_splitters.base import (
  File "C:\Users\mirae\MVA_Versicherung_Langchain_main\.venv\Lib\site-packages\langchain_text_splitters\base.py", line 33, in <module>
    from transformers.tokenization_utils_base import PreTrainedTokenizerBase
  File "C:\Users\mirae\MVA_Versicherung_Langchain_main\.venv\Lib\site-packages\transformers\__init__.py", line 27, in <module>
    from . import dependency_versions_check
  File "C:\Users\mirae\MVA_Versicherung_Langchain_main\.venv\Lib\site-packages\transformers\dependency_versions_check.py", line 16, in <module>
    from .utils.versions import require_version, require_version_core
  File "C:\Users\mirae\MVA_Versicherung_Langchain_main\.venv\Lib\site-packages\transformers\utils\__init__.py", line 24, in <module>
    from .auto_docstring import (
  File "C:\Users\mirae\MVA_Versicherung_Langchain_main\.venv\Lib\site-packages\transformers\utils\auto_docstring.py", line 30, in <module>
    from .generic import ModelOutput
  File "C:\Users\mirae\MVA_Versicherung_Langchain_main\.venv\Lib\site-packages\transformers\utils\generic.py", line 51, in <module>
    import torch
  File "C:\Users\mirae\MVA_Versicherung_Langchain_main\.venv\Lib\site-packages\torch\__init__.py", line 281, in <module>
    _load_dll_libraries()
  File "C:\Users\mirae\MVA_Versicherung_Langchain_main\.venv\Lib\site-packages\torch\__init__.py", line 240, in _load_dll_libraries
    if platform.machine() != "ARM64":
       ^^^^^^^^^^^^^^^^^^
  File "C:\Python312\Lib\platform.py", line 1022, in machine
    return uname().machine
           ^^^^^^^
  File "C:\Python312\Lib\platform.py", line 920, in uname
    release, version, csd, ptype = win32_ver()
                                   ^^^^^^^^^^^
  File "C:\Python312\Lib\platform.py", line 448, in win32_ver
    version, csd, ptype, is_client = _win32_ver(version, csd, ptype)
                                     ^^^^^^^^^^^^^^^^^^^^^^^^^^^^^^^
  File "C:\Python312\Lib\platform.py", line 409, in _win32_ver
    winver = getwindowsversion()
             ^^^^^^^^^^^^^^^^^^^
KeyboardInterrupt
WARNING:  WatchFiles detected changes in 'MVA_Versicherung_Langchain\src\components\agentic_rag.py', 'MVA_Versicherung_Langchain\src\document_handling\document_processor.py', 'MVA_Versicherung_Langchain\main.py', 'MVA_Versicherung_Langchain\src\main.py', 'MVA_Versicherung_Langchain\calculate_metrics.py', 'MVA_Versicherung_Langchain\src\utils\config.py', 'MVA_Versicherung_Langchain\evaluation_metrics.py', 'MVA_Versicherung_Langchain\src\core\safety_audit.py', 'MVA_Versicherung_Langchain\src\components\retrieval_pipeline.py', 'MVA_Versicherung_Langchain\evaluate_extended.py', 'MVA_Versicherung_Langchain\src\utils\logger.py', 'MVA_Versicherung_Langchain\src\retrieval_pipeline\retriever.py', 'MVA_Versicherung_Langchain\generate_test_queries.py', 'MVA_Versicherung_Langchain\api.py', 'MVA_Versicherung_Langchain\src\components\document_processor.py', 'MVA_Versicherung_Langchain\src\components\answer_generator.py', 'MVA_Versicherung_Langchain\src\core\session_memory.py', 'MVA_Versicherung_Langchain\wait_and_evaluate.py'. Reloading...
Traceback (most recent call last):
  File "<string>", line 1, in <module>
  File "C:\Python312\Lib\multiprocessing\spawn.py", line 122, in spawn_main
    exitcode = _main(fd, parent_sentinel)
               ^^^^^^^^^^^^^^^^^^^^^^^^^^
  File "C:\Python312\Lib\multiprocessing\spawn.py", line 131, in _main
    prepare(preparation_data)
  File "C:\Python312\Lib\multiprocessing\spawn.py", line 246, in prepare
    _fixup_main_from_path(data['init_main_from_path'])
  File "C:\Python312\Lib\multiprocessing\spawn.py", line 297, in _fixup_main_from_path
    main_content = runpy.run_path(main_path,
                   ^^^^^^^^^^^^^^^^^^^^^^^^^
  File "<frozen runpy>", line 286, in run_path
  File "<frozen runpy>", line 98, in _run_module_code
  File "<frozen runpy>", line 88, in _run_code
  File "C:\Users\mirae\MVA_Versicherung_Langchain_main\backend_api.py", line 46, in <module>
    from api.rag_service import run_rag, Source, AnswerResult
  File "C:\Users\mirae\MVA_Versicherung_Langchain_main\src\api\rag_service.py", line 54, in <module>
    from langchain_community.document_loaders import PyPDFLoader
  File "<frozen importlib._bootstrap>", line 1412, in _handle_fromlist
  File "C:\Users\mirae\MVA_Versicherung_Langchain_main\.venv\Lib\site-packages\langchain_community\document_loaders\__init__.py", line 740, in __getattr__
    module = importlib.import_module(_module_lookup[name])
             ^^^^^^^^^^^^^^^^^^^^^^^^^^^^^^^^^^^^^^^^^^^^^
  File "C:\Python312\Lib\importlib\__init__.py", line 90, in import_module
    return _bootstrap._gcd_import(name[level:], package, level)
           ^^^^^^^^^^^^^^^^^^^^^^^^^^^^^^^^^^^^^^^^^^^^^^^^^^^^
  File "C:\Users\mirae\MVA_Versicherung_Langchain_main\.venv\Lib\site-packages\langchain_community\document_loaders\pdf.py", line 28, in <module>
    from langchain_community.document_loaders.base import BaseLoader
  File "C:\Users\mirae\MVA_Versicherung_Langchain_main\.venv\Lib\site-packages\langchain_community\document_loaders\base.py", line 1, in <module>
    from langchain_core.document_loaders import BaseBlobParser, BaseLoader
  File "<frozen importlib._bootstrap>", line 1412, in _handle_fromlist
  File "C:\Users\mirae\MVA_Versicherung_Langchain_main\.venv\Lib\site-packages\langchain_core\document_loaders\__init__.py", line 33, in __getattr__
    result = import_attr(attr_name, module_name, __spec__.parent)
             ^^^^^^^^^^^^^^^^^^^^^^^^^^^^^^^^^^^^^^^^^^^^^^^^^^^^
  File "C:\Users\mirae\MVA_Versicherung_Langchain_main\.venv\Lib\site-packages\langchain_core\_import_utils.py", line 35, in import_attr
    module = import_module(f".{module_name}", package=package)
             ^^^^^^^^^^^^^^^^^^^^^^^^^^^^^^^^^^^^^^^^^^^^^^^^^
  File "C:\Python312\Lib\importlib\__init__.py", line 90, in import_module
    return _bootstrap._gcd_import(name[level:], package, level)
           ^^^^^^^^^^^^^^^^^^^^^^^^^^^^^^^^^^^^^^^^^^^^^^^^^^^^
  File "C:\Users\mirae\MVA_Versicherung_Langchain_main\.venv\Lib\site-packages\langchain_core\document_loaders\base.py", line 19, in <module>
    from langchain_text_splitters import RecursiveCharacterTextSplitter
  File "C:\Users\mirae\MVA_Versicherung_Langchain_main\.venv\Lib\site-packages\langchain_text_splitters\__init__.py", line 8, in <module>
    from langchain_text_splitters.base import (
  File "C:\Users\mirae\MVA_Versicherung_Langchain_main\.venv\Lib\site-packages\langchain_text_splitters\base.py", line 33, in <module>
    from transformers.tokenization_utils_base import PreTrainedTokenizerBase
  File "C:\Users\mirae\MVA_Versicherung_Langchain_main\.venv\Lib\site-packages\transformers\__init__.py", line 27, in <module>
    from . import dependency_versions_check
  File "C:\Users\mirae\MVA_Versicherung_Langchain_main\.venv\Lib\site-packages\transformers\dependency_versions_check.py", line 16, in <module>
    from .utils.versions import require_version, require_version_core
  File "C:\Users\mirae\MVA_Versicherung_Langchain_main\.venv\Lib\site-packages\transformers\utils\__init__.py", line 24, in <module>
    from .auto_docstring import (
  File "C:\Users\mirae\MVA_Versicherung_Langchain_main\.venv\Lib\site-packages\transformers\utils\auto_docstring.py", line 30, in <module>
    from .generic import ModelOutput
  File "C:\Users\mirae\MVA_Versicherung_Langchain_main\.venv\Lib\site-packages\transformers\utils\generic.py", line 51, in <module>
    import torch
  File "C:\Users\mirae\MVA_Versicherung_Langchain_main\.venv\Lib\site-packages\torch\__init__.py", line 281, in <module>
    _load_dll_libraries()
  File "C:\Users\mirae\MVA_Versicherung_Langchain_main\.venv\Lib\site-packages\torch\__init__.py", line 240, in _load_dll_libraries
    if platform.machine() != "ARM64":
       ^^^^^^^^^^^^^^^^^^
  File "C:\Python312\Lib\platform.py", line 1022, in machine
    return uname().machine
           ^^^^^^^
  File "C:\Python312\Lib\platform.py", line 920, in uname
    release, version, csd, ptype = win32_ver()
                                   ^^^^^^^^^^^
  File "C:\Python312\Lib\platform.py", line 448, in win32_ver
    version, csd, ptype, is_client = _win32_ver(version, csd, ptype)
                                     ^^^^^^^^^^^^^^^^^^^^^^^^^^^^^^^
  File "C:\Python312\Lib\platform.py", line 409, in _win32_ver
    winver = getwindowsversion()
             ^^^^^^^^^^^^^^^^^^^
KeyboardInterrupt
WARNING:  WatchFiles detected changes in 'MVA_Versicherung_Langchain-1\src\components\document_processor.py', 'MVA_Versicherung_Langchain-1\src\main.py', 'MVA_Versicherung_Langchain-1\src\components\agentic_rag.py', 'MVA_Versicherung_Langchain-1\src\document_handling\document_processor.py', 'backend_api.py', 'MVA_Versicherung_Langchain-1\evaluate_extended.py', 'MVA_Versicherung_Langchain-1\src\retrieval_pipeline\retriever.py', 'MVA_Versicherung_Langchain-1\evaluation_metrics.py', 'MVA_Versicherung_Langchain-1\backend_api.py', 'MVA_Versicherung_Langchain-1\calculate_metrics.py', 'MVA_Versicherung_Langchain-1\generate_test_queries.py', 'MVA_Versicherung_Langchain-1\src\utils\config.py', 'MVA_Versicherung_Langchain-1\src\core\safety_audit.py', 'MVA_Versicherung_Langchain-1\src\components\retrieval_pipeline.py', 'MVA_Versicherung_Langchain-1\api.py', 'MVA_Versicherung_Langchain-1\src\core\session_memory.py', 'MVA_Versicherung_Langchain-1\main.py', 'src\api\rag_service.py', 'MVA_Versicherung_Langchain-1\wait_and_evaluate.py', 'MVA_Versicherung_Langchain-1\src\api\rag_service.py', 'MVA_Versicherung_Langchain-1\src\components\answer_generator.py', 'MVA_Versicherung_Langchain-1\src\utils\logger.py'. Reloading...
Traceback (most recent call last):
  File "<string>", line 1, in <module>
  File "C:\Python312\Lib\multiprocessing\spawn.py", line 122, in spawn_main
    exitcode = _main(fd, parent_sentinel)
               ^^^^^^^^^^^^^^^^^^^^^^^^^^
  File "C:\Python312\Lib\multiprocessing\spawn.py", line 131, in _main
    prepare(preparation_data)
  File "C:\Python312\Lib\multiprocessing\spawn.py", line 246, in prepare
    _fixup_main_from_path(data['init_main_from_path'])
  File "C:\Python312\Lib\multiprocessing\spawn.py", line 297, in _fixup_main_from_path
    main_content = runpy.run_path(main_path,
                   ^^^^^^^^^^^^^^^^^^^^^^^^^
  File "<frozen runpy>", line 286, in run_path
  File "<frozen runpy>", line 98, in _run_module_code
  File "<frozen runpy>", line 88, in _run_code
  File "C:\Users\mirae\MVA_Versicherung_Langchain_main\backend_api.py", line 46, in <module>
    from api.rag_service import run_rag, Source, AnswerResult
  File "C:\Users\mirae\MVA_Versicherung_Langchain_main\src\api\rag_service.py", line 54, in <module>
    from langchain_community.document_loaders import PyPDFLoader
  File "<frozen importlib._bootstrap>", line 1412, in _handle_fromlist
  File "C:\Users\mirae\MVA_Versicherung_Langchain_main\.venv\Lib\site-packages\langchain_community\document_loaders\__init__.py", line 740, in __getattr__
    module = importlib.import_module(_module_lookup[name])
             ^^^^^^^^^^^^^^^^^^^^^^^^^^^^^^^^^^^^^^^^^^^^^
  File "C:\Python312\Lib\importlib\__init__.py", line 90, in import_module
    return _bootstrap._gcd_import(name[level:], package, level)
           ^^^^^^^^^^^^^^^^^^^^^^^^^^^^^^^^^^^^^^^^^^^^^^^^^^^^
  File "C:\Users\mirae\MVA_Versicherung_Langchain_main\.venv\Lib\site-packages\langchain_community\document_loaders\pdf.py", line 28, in <module>
    from langchain_community.document_loaders.base import BaseLoader
  File "C:\Users\mirae\MVA_Versicherung_Langchain_main\.venv\Lib\site-packages\langchain_community\document_loaders\base.py", line 1, in <module>
    from langchain_core.document_loaders import BaseBlobParser, BaseLoader
  File "<frozen importlib._bootstrap>", line 1412, in _handle_fromlist
  File "C:\Users\mirae\MVA_Versicherung_Langchain_main\.venv\Lib\site-packages\langchain_core\document_loaders\__init__.py", line 33, in __getattr__
    result = import_attr(attr_name, module_name, __spec__.parent)
             ^^^^^^^^^^^^^^^^^^^^^^^^^^^^^^^^^^^^^^^^^^^^^^^^^^^^
  File "C:\Users\mirae\MVA_Versicherung_Langchain_main\.venv\Lib\site-packages\langchain_core\_import_utils.py", line 35, in import_attr
    module = import_module(f".{module_name}", package=package)
             ^^^^^^^^^^^^^^^^^^^^^^^^^^^^^^^^^^^^^^^^^^^^^^^^^
  File "C:\Python312\Lib\importlib\__init__.py", line 90, in import_module
    return _bootstrap._gcd_import(name[level:], package, level)
           ^^^^^^^^^^^^^^^^^^^^^^^^^^^^^^^^^^^^^^^^^^^^^^^^^^^^
  File "C:\Users\mirae\MVA_Versicherung_Langchain_main\.venv\Lib\site-packages\langchain_core\document_loaders\base.py", line 19, in <module>
    from langchain_text_splitters import RecursiveCharacterTextSplitter
  File "C:\Users\mirae\MVA_Versicherung_Langchain_main\.venv\Lib\site-packages\langchain_text_splitters\__init__.py", line 8, in <module>
    from langchain_text_splitters.base import (
  File "C:\Users\mirae\MVA_Versicherung_Langchain_main\.venv\Lib\site-packages\langchain_text_splitters\base.py", line 33, in <module>
    from transformers.tokenization_utils_base import PreTrainedTokenizerBase
  File "C:\Users\mirae\MVA_Versicherung_Langchain_main\.venv\Lib\site-packages\transformers\__init__.py", line 27, in <module>
    from . import dependency_versions_check
  File "C:\Users\mirae\MVA_Versicherung_Langchain_main\.venv\Lib\site-packages\transformers\dependency_versions_check.py", line 16, in <module>
    from .utils.versions import require_version, require_version_core
  File "C:\Users\mirae\MVA_Versicherung_Langchain_main\.venv\Lib\site-packages\transformers\utils\__init__.py", line 24, in <module>
    from .auto_docstring import (
  File "C:\Users\mirae\MVA_Versicherung_Langchain_main\.venv\Lib\site-packages\transformers\utils\auto_docstring.py", line 30, in <module>
    from .generic import ModelOutput
  File "C:\Users\mirae\MVA_Versicherung_Langchain_main\.venv\Lib\site-packages\transformers\utils\generic.py", line 31, in <module>
    import numpy as np
  File "C:\Users\mirae\MVA_Versicherung_Langchain_main\.venv\Lib\site-packages\numpy\__init__.py", line 125, in <module>
    from numpy.__config__ import show_config
  File "C:\Users\mirae\MVA_Versicherung_Langchain_main\.venv\Lib\site-packages\numpy\__config__.py", line 4, in <module>
    from numpy._core._multiarray_umath import (
  File "C:\Users\mirae\MVA_Versicherung_Langchain_main\.venv\Lib\site-packages\numpy\_core\__init__.py", line 22, in <module>
    from . import multiarray
  File "C:\Users\mirae\MVA_Versicherung_Langchain_main\.venv\Lib\site-packages\numpy\_core\multiarray.py", line 11, in <module>
    from . import _multiarray_umath, overrides
  File "<frozen importlib._bootstrap>", line 1360, in _find_and_load
  File "<frozen importlib._bootstrap>", line 1331, in _find_and_load_unlocked
  File "<frozen importlib._bootstrap>", line 935, in _load_unlocked
  File "<frozen importlib._bootstrap_external>", line 991, in exec_module
  File "<frozen importlib._bootstrap_external>", line 1087, in get_code
  File "<frozen importlib._bootstrap_external>", line 1186, in get_data
KeyboardInterrupt
INFO:     Started server process [5796]
INFO:     Waiting for application startup.
INFO:     Application startup complete.
WARNING:  WatchFiles detected changes in 'backend_api.py', 'src\api\rag_service.py'. Reloading...
INFO:     Shutting down
INFO:     Waiting for application shutdown.
INFO:     Application shutdown complete.
INFO:     Finished server process [5796]
